2026-04-30 11:52:17,726 - INFO - \U0001f680 Script started
2026-04-30 11:52:17,728 - INFO - Data loaded: (364, 11)
2026-04-30 11:52:17,730 - INFO - Filtered surface > 0
2026-04-30 11:52:17,730 - INFO - Created feature: prix_m2
2026-04-30 11:52:17,732 - INFO - Created features: is_new, is_luxury
2026-04-30 11:52:17,733 - INFO - Created feature: age_estime
2026-04-30 11:52:17,735 - INFO - Created feature: type_bien
2026-04-30 11:52:17,735 - INFO - Created feature: price_category
2026-04-30 11:52:17,736 - INFO - Created feature: city_popularity
2026-04-30 11:52:17,736 - INFO - Created feature: is_premium_city
2026-04-30 11:52:17,738 - INFO - Final cleaning done
2026-04-30 11:52:17,743 - INFO - File saved: features_data.csv
2026-04-30 12:53:50,222 - INFO - \U0001f680 Script started
2026-04-30 12:53:50,227 - INFO - Data loaded: (364, 11)
2026-04-30 12:53:50,230 - INFO - Filtered surface > 0
2026-04-30 12:53:50,231 - INFO - Created feature: prix_m2
2026-04-30 12:53:50,233 - INFO - Created features: is_new, is_luxury
2026-04-30 12:53:50,234 - INFO - Created feature: age_estime
2026-04-30 12:53:50,236 - INFO - Created feature: type_bien
2026-04-30 12:53:50,237 - INFO - Created feature: price_category
2026-04-30 12:53:50,238 - INFO - Created feature: city_popularity
2026-04-30 12:53:50,239 - INFO - Created feature: is_premium_city
2026-04-30 12:53:50,239 - INFO - Final cleaning done
2026-04-30 12:53:50,248 - INFO - File saved: features_data.csv
